// Jest Snapshot v1, https://goo.gl/fbAQLP

exports[`State creation with a slice 1`] = `
StoreState {
  "_slices": [
    Slice {
      "_flatDependencies": Set {},
      "_getRawAction": [Function],
      "_rawActions": {},
      "actions": {},
      "config": {},
      "effects": [],
      "fingerPrint": "mySlice()",
      "key": SliceKey {
        "dependencies": [],
        "initState": {
          "val": null,
        },
        "key": "mySlice",
        "selectors": {},
      },
      "resolveSelectors": [Function],
      "resolveState": [Function],
    },
  ],
  "opts": undefined,
  "slicesCurrentState": {
    "mySlice": {
      "val": null,
    },
  },
}
`;
