// Jest Snapshot v1, https://goo.gl/fbAQLP

exports[`State creation with a slice 1`] = `
InternalStoreState {
  "_slices": [
    Slice {
      "_bare": {
        "keyMapping": KeyMapping {
          "_mapping": {
            "mySlice": "mySlice",
          },
        },
        "txApplicators": {},
        "txCreators": {},
      },
      "config": {
        "actions": {},
        "dependencies": [],
        "effects": [],
        "initState": {
          "val": null,
        },
        "key": "mySlice",
        "selectors": {},
      },
      "initState": {
        "val": null,
      },
      "key": "mySlice",
      "resolveSelectors": [Function],
      "resolveState": [Function],
    },
  ],
  "opts": undefined,
  "slicesCurrentState": {
    "mySlice": {
      "val": null,
    },
  },
}
`;
